=============== MAZ_CMU-150_59.00.449A  Flavor cmu150_EU ===============
INFO LOG: /tmp/mnt/sdb1/bakups/info.log 06/29/23 08:54:39
> df -h
Filesystem                Size      Used Available Use% Mounted on
rootfs                  477.9M    384.3M     93.6M  80% /
none                      8.0M      1.2M      6.8M  15% /dev
/dev/ffx01p1            477.9M    384.3M     93.6M  80% /
none                      8.0M      1.2M      6.8M  15% /dev
none                    128.0M      7.9M    120.1M   6% /tmp
/dev/ffx01p4            307.1M      9.5M    297.6M   3% /tmp/mnt/data
/dev/mmcblk0p2          572.2M     29.6M    542.6M   5% /tmp/mnt/data_persist
/dev/mtdblock5          128.0K    128.0K         0 100% /config-mfg
/dev/mmcblk0p1            3.1G      2.3G    834.1M  74% /tmp/mnt/resources
/dev/sda                 28.6G     11.2G     17.4G  39% /tmp/mnt/sda
/dev/sdb1                 7.4G     17.2M      7.4G   0% /tmp/mnt/sdb1
> cat /proc/mounts
rootfs / rootfs rw 0 0
none /sys sysfs rw,relatime 0 0
none /proc proc rw,relatime 0 0
none /dev devtmpfs rw,relatime,size=8192k,nr_inodes=96338,mode=755 0 0
/dev/ffx01p1 / relfs rw,noatime 0 0
none /sys sysfs rw,relatime 0 0
none /proc proc rw,relatime 0 0
none /dev devtmpfs rw,relatime,size=8192k,nr_inodes=96338,mode=755 0 0
none /tmp tmpfs rw,relatime,size=131072k 0 0
/dev/ffx01p4 /tmp/mnt/data relfs rw,noatime 0 0
/dev/mmcblk0p2 /tmp/mnt/data_persist relfs rw,noatime 0 0
/dev/mtdblock5 /config-mfg squashfs ro,relatime 0 0
none /dev/pts devpts rw,relatime,mode=600 0 0
none /dev/mqueue mqueue rw,relatime 0 0
/dev/mmcblk0p1 /tmp/mnt/resources relfs ro,noatime 0 0
/dev/sda /tmp/mnt/sda vfat rw,relatime,fmask=0000,dmask=0000,allow_utime=0022,codepage=cp437,iocharset=iso8859-1,shortname=mixed,utf8,errors=remount-ro 0 0
/dev/sdb1 /tmp/mnt/sdb1 vfat rw,relatime,fmask=0000,dmask=0000,allow_utime=0022,codepage=cp437,iocharset=iso8859-1,shortname=mixed,utf8,errors=remount-ro 0 0
> cat /proc/meminfo
MemTotal:         772232 kB
MemFree:           60464 kB
Buffers:           21248 kB
Cached:           348756 kB
SwapCached:            0 kB
Active:           309252 kB
Inactive:         307492 kB
Active(anon):     250148 kB
Inactive(anon):     5396 kB
Active(file):      59104 kB
Inactive(file):   302096 kB
Unevictable:          52 kB
Mlocked:              52 kB
SwapTotal:       1048572 kB
SwapFree:        1048572 kB
Dirty:                24 kB
Writeback:             0 kB
AnonPages:        246788 kB
Mapped:            60428 kB
Shmem:              8832 kB
Slab:              22980 kB
SReclaimable:      10060 kB
SUnreclaim:        12920 kB
KernelStack:       10840 kB
PageTables:         5976 kB
NFS_Unstable:          0 kB
Bounce:                0 kB
WritebackTmp:          0 kB
CommitLimit:     1434688 kB
Committed_AS:     524920 kB
VmallocTotal:     811008 kB
VmallocUsed:        3268 kB
VmallocChunk:     800788 kB
> ps
PID   USER     TIME   COMMAND
    1 cmu        0:02 /sbin/init
    2 cmu        0:00 [kthreadd]
    3 cmu        0:00 [ksoftirqd/0]
    4 cmu        0:02 [kworker/0:0]
    5 cmu        0:00 [kworker/u:0]
    6 cmu        0:00 [migration/0]
    7 cmu        0:00 [migration/1]
    8 cmu        0:00 [kworker/1:0]
    9 cmu        0:00 [ksoftirqd/1]
   10 cmu        0:00 [khelper]
   11 cmu        0:00 [sync_supers]
   12 cmu        0:00 [bdi-default]
   13 cmu        0:00 [kblockd]
   14 cmu        0:00 [imx6q-ecspi.0]
   15 cmu        0:00 [imx6q-ecspi.1]
   16 cmu        0:00 [imx6q-ecspi.3]
   17 cmu        0:00 [khubd]
   18 cmu        0:00 [ipu1_task]
   19 cmu        0:00 [ipu1_task]
   20 cmu        0:00 [ipu2_task]
   21 cmu        0:00 [ipu2_task]
   22 cmu        0:00 [usb_wakeup thre]
   23 cmu        0:00 [otg_switch]
   24 cmu        0:00 [kswapd0]
   25 cmu        0:00 [fsnotify_mark]
   26 cmu        0:00 [crypto]
   47 cmu        0:00 [kworker/u:1]
   48 cmu        0:00 [mtdblock0]
   49 cmu        0:00 [mtdblock1]
   50 cmu        0:00 [mtdblock2]
   51 cmu        0:00 [mtdblock3]
   52 cmu        0:00 [mtdblock4]
   53 cmu        0:00 [mtdblock5]
   54 cmu        0:00 [mtdblock6]
   55 cmu        0:00 [mtdblock7]
   56 cmu        0:00 [mtdblock8]
   57 cmu        0:00 [vpu_wq]
   58 cmu        0:00 [kworker/0:1]
   59 cmu        0:00 [Log Worker]
   60 cmu        0:00 /usr/bin/v4lcapture
   61 cmu        0:03 {LVDS_MAIN} /jci/lvds/lvds_service
   62 cmu        0:00 [usb_wakeup thre]
   70 cmu        0:00 [kworker/1:1]
   94 cmu        0:00 [FTCMP00]
   95 cmu        0:00 [ffxwrite00]
   96 cmu        0:00 [ffxread00]
   97 cmu        0:00 [FTCMP01]
   98 cmu        0:00 [ffxwrite01]
   99 cmu        0:11 [ffxread01]
  100 cmu        0:00 [RelTransactionT]
  110 cmu        0:00 [galcore workque]
  112 cmu        0:01 /jci/vim/vim_app
  113 cmu        0:00 [Vivante Kernel ]
  114 cmu        0:00 [Vivante Kernel ]
  115 cmu        0:00 [galcore daemon ]
  116 cmu        0:00 [galcore daemon ]
  117 cmu        0:00 [galcore daemon ]
  118 cmu        0:01 /usr/bin/wayland-viv-compositor
  119 cmu        0:00 [RelTransactionT]
  120 cmu        0:00 [mmcqd/1]
  121 cmu        0:00 [mmcqd/1boot0]
  122 cmu        0:00 [mmcqd/1boot1]
  123 cmu        0:00 [RelTransactionT]
  124 cmu        0:00 /jci/nativegui/svcjcinativeguictrl
  128 cmu        0:00 [usb_oc_queue]
  130 cmu        0:00 /usr/sbin/udevd --daemon
  149 hmi        0:01 /usr/bin/dbus-daemon --fork --print-address --config-file=/etc/dbus-1/hmi.conf
  153 service    0:02 /usr/bin/dbus-daemon --fork --print-address --config-file=/etc/dbus-1/service.conf
  172 cmu        0:00 {rungetty} /bin/sh /usr/bin/rungetty
  179 cmu        0:00 /usr/sbin/usb_authd
  199 cmu        0:01 /jci/cpugauge/jci_cpu_gauge -e
  206 cmu        0:00 /jci/jci -b=libjci.so -c=com.jci.cpp.common.logging.Logger --args --config=/config/com/jci/cpp/common/logging/Logger.xml
  207 cmu        0:03 {[SM]MainThread} /jci/sm/sm -f /jci/sm/sm.conf -e /tmp/smevents.txt
  274 cmu        0:00 {L_jciVideoctrl} /jci/sm/sm_svclauncher -l jciVideoctrl /jci/videoctrl/svcjcivideoctrl.so -a
  276 cmu        0:00 {syslog-ng} supervising syslog-ng
  277 cmu        0:07 syslog-ng --cfgfile=/data/log/syslog-ng.conf --persist-file=/tmp/syslog-ng.persist
  280 cmu        0:00 {L_system_mazda_} /jci/sm/sm_svclauncher -l system_mazda_my14 /jci/system/svcjciblmsystem.so -a --lvds_timeout=1000 --audio_timeout=5000 --tau_timeout=5000
  284 cmu        0:00 {L_jciNativegui} /jci/sm/sm_svclauncher -l jciNativegui /jci/nativegui/svcjcinativegui.so -a
  285 cmu        0:11 {L_settings} /jci/sm/sm_svclauncher -l settings /jci/settings/svc-com-jci-cpp-settings.so -a --uri=server:// --proxy=tcpip://
  308 cmu        0:00 /bin/sh -c /jci/tools/process-log  /var/log/running_log/ 512
  309 cmu        0:00 /bin/sh -c /jci/tools/process-log  /data_persist/log/error_logs/ 2048
  310 cmu        0:00 /jci/tools/process-log /data_persist/log/error_logs/ 2048
  311 cmu        0:02 /jci/tools/process-log /var/log/running_log/ 512
  314 cmu        0:00 /usr/bin/dbus-tracker -p/tmp/dbus/ -a unix:path=/tmp/dbus_service_socket
  316 cmu        0:00 /usr/bin/dbus-tracker -p/tmp/dbus/ -a unix:path=/tmp/dbus_hmi_socket
  319 cmu        0:01 [kworker/0:2]
  332 cmu        0:00 {L_jciBUCPSA} /jci/sm/sm_svclauncher -l jciBUCPSA /jci/backupcam/svcjcibucpsa.so -a
  334 cmu        0:00 {L_devices} /jci/sm/sm_svclauncher -l devices /jci/devices/svc-com-jci-cpp-devices.so -a
  335 cmu        0:02 {L_jciVBS} /jci/sm/sm_svclauncher -l jciVBS /jci/vbs/svcjcivbs.so -a
  392 cmu        0:03 {L_jciBLMSetting} /jci/sm/sm_svclauncher -l jciBLMSettings /jci/settings/svcjciblmsettings.so -a
  459 cmu        0:00 {L_jciAppsdk} /jci/sm/sm_svclauncher -l jciAppsdk /jci/appsdk/svcjciappsdk.so -a
  460 cmu        0:02 {L_jciDbapi} /jci/sm/sm_svclauncher -l jciDbapi /jci/dbapi/svcjcidbapi.so -a
  464 cmu        0:00 {L_jciTime} /jci/sm/sm_svclauncher -l jciTime /jci/time/svcjcitime.so -a /data/cpp_time_events.bin
  496 cmu        0:00 [flush-253:16]
  497 cmu        0:00 [flush-179:0]
  531 cmu        0:00 {L_jciTestDiag} /jci/sm/sm_svclauncher -l jciTestDiag /jci/testdiag/svcjcitestdiag.so -a
  533 cmu        0:00 {L_jciusbdtc} /jci/sm/sm_svclauncher -l jciusbdtc /jci/usbdtc/svcjciusbdtc.so -a pwr
  534 cmu        0:00 /usr/bin/xsesvc2dbus -a unix:path=/tmp/dbus_service_socket
  536 cmu        0:00 /usr/bin/xsesvc2dbus -a unix:path=/tmp/dbus_service_socket -i com.jci.vbs.radio -b com.jci.vbs.radio -o /com/jci/vbs/radio -m com.xsembedded.service.xsesvc2dbus.tau
  547 cmu        0:02 lua /usr/bin/audioAmp.lua -b unix:path=/tmp/dbus_hmi_socket -g unix:path=/tmp/dbus_service_socket -l /usr/share/audio_management/audioAmp_Config_JCI.lua -vvv
  550 cmu        0:00 lua /usr/bin/audioCtrl.lua --bus unix:path=/tmp/dbus_service_socket -l /usr/share/audio_management/audioCtrl_Config_JCI.lua
  560 cmu        0:00 {L_jciBLMTIME} /jci/sm/sm_svclauncher -l jciBLMTIME /jci/time/svcjciblmtime.so -a
  642 cmu        0:12 /jci/opera/opera -u /jci/gui/index.html --noWatchdogs
  657 cmu        0:00 {L_jciTds} /jci/sm/sm_svclauncher -l jciTds /jci/tds/svcjcitds.so -a
  718 cmu        0:01 lua /usr/bin/audioMgr.lua -m /usr/share/audio_management/audioMgr_SourceMatrix_JCI.lua -g unix:path=/tmp/dbus_service_socket --app unix:path=/tmp/dbus_service_socket --hmi unix:path=/tmp/dbus_hmi_socket -l /usr/share/audio_management/audioMgr_ControlLogic_JCI.lua -vvv
  825 cmu        0:00 {L_jciauxin} /jci/sm/sm_svclauncher -l jciauxin /jci/auxin/svcjciauxin.so -a
  828 cmu        0:00 {L_jciCD} /jci/sm/sm_svclauncher -l jciCD /jci/cd/svcjcicd.so -a
  829 cmu        0:00 {L_jciDAB} /jci/sm/sm_svclauncher -l jciDAB /jci/dab/svcjcidab.so -a
  831 cmu        0:00 {L_jciRadio} /jci/sm/sm_svclauncher -l jciRadio /jci/radio/svcjciradio.so -a
  832 cmu        0:00 {L_jcixm} /jci/sm/sm_svclauncher -l jcixm /jci/xm/svcjcixm.so -a
  955 cmu        0:03 {L_jciMMUI} /jci/sm/sm_svclauncher -l jciMMUI /jci/mmui/svcjcimmui.so -a mouse=filtered-mouse0, keyboard=filtered-keyboard0, display=filtered-touchscreen0
 1226 cmu        0:00 {L_jciaudiosetti} /jci/sm/sm_svclauncher -l jciaudiosettings /jci/audiosettings/svcjciaudiosettings.so -a
 1228 cmu        0:00 {L_jcilvds_blm} /jci/sm/sm_svclauncher -l jcilvds_blm /jci/lvds_blm/svcjcilvds_blm.so -a
 1229 cmu        0:00 {L_jciRM} /jci/sm/sm_svclauncher -l jciRM /jci/rm/svcjcirm.so -a -c /jci/rm/rm_conf.xml
 1279 cmu        0:00 [RelTransactionT]
 1300 cmu        0:00 /jci/devmgr/dmserver
 1304 cmu        0:00 /jci/dsp/dsp --ConfigFile=/jci/dsp/dsp.xml --ConfigFilePrefix=DSPBT
 1306 cmu        0:09 /jci/gracenote/gracenote_server
 1309 cmu        0:00 {L_jciAudioPlaye} /jci/sm/sm_svclauncher -l jciAudioPlayer /jci/audioplayer/libjciaudioplayer.so -a
 1311 cmu        0:00 /jci/dtmf/dtmf ConfigFile=/jci/dtmf/dtmf.xml
 1316 cmu        0:00 {L_jciLDS} /jci/sm/sm_svclauncher -l jciLDS /jci/lds/svcjcilds.so -a /jci/lds/lds ConfigFile=/jci/lds/lds.xml
 1317 cmu        0:00 /jci/jvmm/JVMM
 1404 cmu        0:00 {L_jcifav} /jci/sm/sm_svclauncher -l jcifav /jci/fav/svcjcifav.so -a
 1409 cmu        0:01 {BdsMainThread} /jci/bds/bds -interface dbus
 1420 cmu        0:12 {L_jciUSBMS} /jci/sm/sm_svclauncher -l jciUSBMS /jci/usbm/svcjciusbms.so -a /tmp
 1600 cmu        0:00 [all_unmount.sh]
 1622 cmu        0:00 {L_jciUpdateS} /jci/sm/sm_svclauncher -l jciUpdateS /jci/reflash/svcjciupdates.so -a -c /jci/reflash/um_app.ini
 1623 cmu        0:00 {L_jciUSBM} /jci/sm/sm_svclauncher -l jciUSBM /jci/usbm/blmjciusbm.so -a 3000
 1646 cmu        0:00 [kworker/u:2]
 1651 cmu        0:00 {L_jciUpdatea} /jci/sm/sm_svclauncher -l jciUpdatea /jci/reflash/svcjciupdatea.so -a
 1771 cmu        0:00 {L_jciBTHF} /jci/sm/sm_svclauncher -l jciBTHF /jci/bthf/svcjcibthf.so -a
 1772 cmu        0:00 {L_jciBTMUSIC} /jci/sm/sm_svclauncher -l jciBTMUSIC /jci/btmusic/svcjcibtmusic.so -a
 1773 cmu        0:00 {MSGS_MAIN} /jci/sm/sm_svclauncher -l jciMSGS /jci/msg/svcjcimsgs.so -a
 1774 cmu        0:00 {L_jciPA} /jci/sm/sm_svclauncher -l jciPA /jci/pa/svcjcipa.so -a
 1775 cmu        0:00 /jci/pbk/pbs -c /jci/pbk/pbs_config.xml
 1808 cmu        0:00 {L_jcinavi} /jci/sm/sm_svclauncher -l jcinavi /jci/navi/svcjcinavi.so -a
 1847 cmu        0:00 {L_jciBCA} /jci/sm/sm_svclauncher -l jciBCA /jci/bca/svcjcibca.so -a
 1937 cmu        0:00 {BLM_DVD_Single} /jci/sm/sm_svclauncher -l jcidvd /jci/dvd/svcjcidvd.so -a
 1938 cmu        0:00 {L_jcitv} /jci/sm/sm_svclauncher -l jcitv /jci/tv/blmjcitv.so -a
 1941 cmu        0:00 /jci/irs/irs_server
 1986 cmu        0:00 [scsi_eh_0]
 1987 cmu        0:01 [usb-storage]
 2015 cmu        0:00 [scsi_eh_1]
 2016 cmu        0:00 [usb-storage]
 2029 cmu        0:00 /jci/offboard/obs_svc
 2031 cmu        0:00 {L_blm_ira_aha} /jci/sm/sm_svclauncher -l blm_ira_aha /jci/ira/svcjciblm_ira_aha.so -a
 2032 cmu        0:00 {L_blm_ira_pando} /jci/sm/sm_svclauncher -l blm_ira_pandora /jci/ira/svcjciblm_ira_pandora.so -a
 2034 cmu        0:00 {L_blm_ira_stitc} /jci/sm/sm_svclauncher -l blm_ira_stitcher /jci/ira/svcjciblm_ira_stitcher.so -a
 2036 cmu        0:00 /jci/igs/igs_server
 2046 cmu        0:00 [kworker/1:2]
 2104 cmu        0:00 /jci/icm/blm_icm
 2241 cmu        0:07 /jci/natp/bin/natp -f /jci/natp/config/natp.cfg -s natp_config -k VerboseLevel=0
 2248 cmu        0:00 {L_jciTTSPlayer} /jci/sm/sm_svclauncher -l jciTTSPlayer /jci/ttsplayer/svcjcittsplayer.so -a
 2251 cmu        0:01 {L_jciVUI} /jci/sm/sm_svclauncher -l jciVUI /jci/vui/svcjcivui.so -a
 2538 cmu        0:00 {L_jcibteca} /jci/sm/sm_svclauncher -l jcibteca /jci/bteca/svcjcibteca.so -a
 2540 cmu        0:00 {L_jciPB} /jci/sm/sm_svclauncher -l jciPB /jci/pb/svcjcipb.so -a
 2580 cmu        0:00 /jci/jci -b=libjcibenchmarks-kapture.so -c=com.jci.cpp.benchmarks.Kapture
 2584 cmu        0:00 {L_jciblmVdt} /jci/sm/sm_svclauncher -l jciblmVdt /jci/vdt/svcjcivdt.so -a
 2587 cmu        0:00 {L_jciDriverid} /jci/sm/sm_svclauncher -l jciDriverid /jci/driverid/svcjcidriverid.so -a
 2589 cmu        0:00 {L_jciEem} /jci/sm/sm_svclauncher -l jciEem /jci/eem/svcjcieem.so -a
 2591 cmu        0:00 {L_jciIdm} /jci/sm/sm_svclauncher -l jciIdm /jci/idm/svcjciidm.so -a
 2593 cmu        0:00 {L_jciVdtcon} /jci/sm/sm_svclauncher -l jciVdtcon /jci/vdtcon/svcjcivdtcon.so -a
 2597 cmu        0:00 {L_jciVwm} /jci/sm/sm_svclauncher -l jciVwm /jci/vwm/svcjcivwm.so -a
 2740 cmu        0:00 [flush-8:0]
 2834 cmu        0:00 sh -c /tmp/retrieve_data.sh
 2836 cmu        0:00 {retrieve_data.s} /bin/sh /tmp/retrieve_data.sh
 2893 cmu        0:00 {L_jciMSG} /jci/sm/sm_svclauncher -l jciMSG /jci/msg/svccom-jci-blm-msg.so -a
 3124 cmu        0:00 {dataRetrieval} /tmp dataRetrieval -f /mnt/sdb1/VehDataPull/VehDataPull__35 -c /mnt/sdb1/dataRetrieval_config.txt
 3245 cmu        0:00 [flush-8:16]
 3938 cmu        0:00 {headunit-wrappe} /bin/sh /data_persist/dev/bin/headunit-wrapper
 3939 cmu        0:00 {check-usb.sh} /bin/sh /data_persist/dev/bin/check-usb.sh
 4024 cmu        0:00 /tmp/mnt/data_persist/dev/bin/headunit
 4412 cmu        0:00 [kworker/0:3]
 5466 cmu        0:00 {start_eth1_dhcp} /bin/sh /jci/scripts/start_eth1_dhcp.sh
 5472 cmu        0:00 waitfor /sys/class/net/eth1
 5492 cmu        0:00 /usr/sbin/sshd
 5505 cmu        0:00 [cfg80211]
 5519 cmu        0:00 [wl12xx_wq]
 5520 cmu        0:00 [irq/378-wl12xx]
 5537 cmu        0:00 /usr/sbin/udevd --daemon
 5539 cmu        0:00 /usr/sbin/udevd --daemon
 5554 cmu        0:00 {L_NMS_svc} /jci/sm/sm_svclauncher -l NMS_svc /jci/nms/nms.so -a
 5614 cmu        0:00 {L_blm_nms_svc} /jci/sm/sm_svclauncher -l blm_nms_svc /jci/nms/blm_nms.so -a
 5724 cmu        0:00 {L_jciITTS} /jci/sm/sm_svclauncher -l jciITTS /jci/itt/svcjciitts.so -a /data/itt
 5730 cmu        0:00 {L_jcitraffic} /jci/sm/sm_svclauncher -l jcitraffic /jci/traffic/svcjcitraffic.so -a
 5792 cmu        0:00 {L_jciITT} /jci/sm/sm_svclauncher -l jciITT /jci/itt/blmjciitt.so -a
 5998 cmu        0:00 {runlogin} /bin/sh /usr/bin/runlogin --
 6216 cmu        0:00 /bin/login -p
 7214 cmu        0:00 sh -c sh /mnt/sd*/tweaks.sh > /mnt/sdb1/VehDataPull/VehDataPull__35/data/command_line.log
 7215 cmu        0:00 sh /mnt/sdb1/tweaks.sh
 7530 cmu        0:00 sleep 3
 7605 cmu        0:00 ps
> dmesg
[    0.000000] Linux version 3.0.35 (bsp@jci) (gcc version 4.5.2 20101026 (prerelease) (GCC) ) #1 SMP PREEMPT Sun Mar 15 10:12:10 IST 2015
[    0.000000] CPU: ARMv7 Processor [412fc09a] revision 10 (ARMv7), cr=10c53c7d
[    0.000000] CPU: VIPT nonaliasing data cache, VIPT aliasing instruction cache
[    0.000000] Machine: JCI i.MX 6Quad Core CMU Board
[    0.000000] Memory policy: ECC disabled, Data cache writealloc
[    0.000000] CPU identified as i.MX6Q, silicon rev 1.2
[    0.000000] On node 0 totalpages: 196608
[    0.000000] free_area_init_node: node 0, pgdat 804689a0, node_mem_map 8b800000
[    0.000000]   DMA zone: 368 pages used for memmap
[    0.000000]   DMA zone: 0 pages reserved
[    0.000000]   DMA zone: 46736 pages, LIFO batch:15
[    0.000000]   Normal zone: 1680 pages used for memmap
[    0.000000]   Normal zone: 147824 pages, LIFO batch:31
[    0.000000] PERCPU: Embedded 7 pages/cpu @8c008000 s4736 r8192 d15744 u32768
[    0.000000] pcpu-alloc: s4736 r8192 d15744 u32768 alloc=8*4096
[    0.000000] pcpu-alloc: [0] 0 [0] 1 
[    0.000000] Built 1 zonelists in Zone order, mobility grouping on.  Total pages: 194560
[    0.000000] Kernel command line: console=ttymxc1,115200 lpj=8495104 ldb=sin0 loglevel=3 usbcore.authorized_default=0 panic=23 mxc_vpu_mempool.max_instances=3 ibc=1.68.17 ibs=1.68.10 BOOTSEL=1 ibcinfo=0x00928000 
[    0.000000] PID hash table entries: 4096 (order: 2, 16384 bytes)
[    0.000000] Dentry cache hash table entries: 131072 (order: 7, 524288 bytes)
[    0.000000] Inode-cache hash table entries: 65536 (order: 6, 262144 bytes)
[    0.000000] Memory: 512MB 256MB = 768MB total
[    0.000000] Memory: 770704k/770704k available, 277872k reserved, 0K highmem
[    0.000000] Virtual kernel memory layout:
[    0.000000]     vector  : 0xffff0000 - 0xffff1000   (   4 kB)
[    0.000000]     fixmap  : 0xfff00000 - 0xfffe0000   ( 896 kB)
[    0.000000]     DMA     : 0xf4600000 - 0xffe00000   ( 184 MB)
[    0.000000]     vmalloc : 0xc0800000 - 0xf2000000   ( 792 MB)
[    0.000000]     lowmem  : 0x80000000 - 0xc0000000   (1024 MB)
[    0.000000]     modules : 0x7f000000 - 0x80000000   (  16 MB)
[    0.000000]       .init : 0x80008000 - 0x80040000   ( 224 kB)
[    0.000000]       .text : 0x80040000 - 0x80440000   (4096 kB)
[    0.000000]       .data : 0x80440000 - 0x8046a1a0   ( 169 kB)
[    0.000000]        .bss : 0x8046a1c4 - 0x80500080   ( 600 kB)
[    0.000000] SLUB: Genslabs=13, HWalign=32, Order=0-3, MinObjects=0, CPUs=2, Nodes=1
[    0.000000] Preemptible hierarchical RCU implementation.
[    0.000000] 	Verbose stalled-CPUs detection is disabled.
[    0.000000] NR_IRQS:496 nr_irqs:496 496
[    0.000000] MXC GPIO hardware
[    0.000000] Init and register the timer to the framework with an 622727000 ns offset.
[    0.000000] sched_clock: 32 bits at 3000kHz, resolution 333ns, wraps every 1431655ms
[    0.000000] arm_max_freq=2
[    0.000000] MXC_Early serial console at MMIO 0x21e8000 (options '115200')
[    0.000000] bootconsole [ttymxc1] enabled
[    0.000000] Console: colour dummy device 80x30
[    0.623105] Calibrating delay loop (skipped) preset value.. 1699.02 BogoMIPS (lpj=8495104)
[    0.623133] pid_max: default: 32768 minimum: 301
[    0.623477] Mount-cache hash table entries: 512
[    0.624381] CPU: Testing write buffer coherency: ok
[    0.624440] ftrace: allocating 13083 entries in 39 pages
[    0.729420] CPU1: Booted secondary processor
[    0.729512] Brought up 2 CPUs
[    0.729531] SMP: Total of 2 processors activated (3398.04 BogoMIPS).
[    0.730057] devtmpfs: initialized
[    0.754758] print_constraints: dummy: 
[    0.755109] NET: Registered protocol family 16
[    0.756883] print_constraints: vddpu: 725 <--> 1300 mV at 1225 mV fast normal 
[    0.757143] print_constraints: vddcore: 725 <--> 1300 mV at 1225 mV fast normal 
[    0.757379] print_constraints: vddsoc: 725 <--> 1300 mV at 1225 mV fast normal 
[    0.757648] print_constraints: vdd2p5: 2000 <--> 2775 mV at 2400 mV fast normal 
[    0.757887] print_constraints: vdd1p1: 800 <--> 1400 mV at 1100 mV fast normal 
[    0.758142] print_constraints: vdd3p0: 2625 <--> 3400 mV at 3000 mV fast normal 
[    0.759300] SET_GPIO4_28 to 1
[    0.759704] cpu regulator init ldo=0
[    0.760386] am335xevm: shared transport platform init
[    0.766872] SET_GPIO4_28 to 0
[    0.766907] L310 cache controller enabled
[    0.766923] l2x0: 16 ways, CACHE_ID 0x410000c7, AUX_CTRL 0x02070000, Cache size: 1048576 B
[    0.771555] bio: create slab <bio-0> at 0
[    0.773924] mxs-dma mxs-dma-apbh: initialized
[    0.774543] SCSI subsystem initialized
[    0.774966] spi_imx imx6q-ecspi.0: probed
[    0.775324] spi_imx imx6q-ecspi.1: probed
[    0.775662] spi_imx imx6q-ecspi.3: probed
[    0.776043] usbcore: registered new interface driver usbfs
[    0.776127] usbcore: registered new interface driver hub
[    0.776254] usbcore: registered new device driver usb
[    0.776268] Freescale USB OTG Driver loaded, $Revision: 1.55 $
[    0.793986] imx-ipuv3 imx-ipuv3.0: IPU DMFC NORMAL mode: 1(0~1), 5B(4,5), 5F(6,7)
[    0.817350] imx-ipuv3 imx-ipuv3.1: IPU DMFC NORMAL mode: 1(0~1), 5B(4,5), 5F(6,7)
[    0.817706] Advanced Linux Sound Architecture Driver Version 1.0.24.
[    0.911358] Switching to clocksource mxc_timer1
[    0.934593] NET: Registered protocol family 2
[    0.935015] IP route cache hash table entries: 32768 (order: 5, 131072 bytes)
[    0.936520] TCP established hash table entries: 131072 (order: 8, 1048576 bytes)
[    0.938347] TCP bind hash table entries: 65536 (order: 7, 786432 bytes)
[    0.939393] TCP: Hash tables configured (established 131072 bind 65536)
[    0.939407] TCP reno registered
[    0.939426] UDP hash table entries: 512 (order: 2, 16384 bytes)
[    0.939465] UDP-Lite hash table entries: 512 (order: 2, 16384 bytes)
[    0.940026] NET: Registered protocol family 1
[    0.940424] Unpacking initramfs...
[    1.063211] Freeing initrd memory: 1528K
[    1.063944] Static Power Management for Freescale i.MX6
[    1.063958] wait mode is enabled for i.MX6
[    1.064079] cpaddr = c0880000 suspend_iram_base=c08e8000
[    1.064180] PM driver module loaded
[    1.064388] IMX usb wakeup probe
[    1.064580] the wakeup pdata is 0xbfe6ed40
[    1.064935] add wake up source irq 75
[    1.068293] cpu regulator init ldo=0
[    1.068366] i.MXC CPU frequency driver
[    1.088490] msgmni has been set to 1508
[    1.091623] io scheduler noop registered (default)
[    1.092014] mxc_sdc_fb mxc_sdc_fb.0: register mxc display driver ldb
[    1.122489] imx-sdma imx-sdma: loaded firmware 1.1
[    1.126074] imx-sdma imx-sdma: initialized
[    1.126419] Serial: IMX driver
[    1.126527] imx-uart imx-uart.0: Enable IRTS and CTSC
[    1.126550] imx-uart.0: ttymxc0 at MMIO 0x2020000 (irq = 58) is a IMX
[    1.126768] imx-uart imx-uart.1: Enable IRTS and CTSC
[    1.126792] imx-uart.1: ttymxc1 at MMIO 0x21e8000 (irq = 59) is a IMX
[    1.126834] console [ttymxc1] enabled, bootconsole disabled
[    1.127046] imx-uart imx-uart.2: Enable IRTS and CTSC
[    1.127068] imx-uart.2: ttymxc2 at MMIO 0x21ec000 (irq = 60) is a IMX
[    1.127281] imx-uart imx-uart.3: CTS Trigger Level: 24
[    1.127297] imx-uart imx-uart.3: RX Trigger Level: 16
[    1.127316] imx-uart.3: ttymxc3 at MMIO 0x21f0000 (irq = 61) is a IMX
[    1.127530] imx-uart imx-uart.4: Enable IRTS and CTSC
[    1.127552] imx-uart.4: ttymxc4 at MMIO 0x21f4000 (irq = 62) is a IMX
[    1.131177] m25p80 spi0.0: found mx25l6405d, expected s25fl064p
[    1.131197] m25p80 spi0.0: mx25l6405d (8192 Kbytes)
[    1.131214] Creating 9 MTD partitions on "m25p80":
[    1.131232] 0x000000000000-0x000000010000 : "bootstrap"
[    1.132197] 0x000000010000-0x000000020000 : "boot-select"
[    1.133077] 0x000000020000-0x000000040000 : "ibc1"
[    1.133988] 0x000000040000-0x000000060000 : "ibc2"
[    1.134905] 0x000000060000-0x000000070000 : "nv-config"
[    1.135808] 0x000000070000-0x0000000d0000 : "config"
[    1.136752] 0x0000000d0000-0x0000000e0000 : "jci-boot-diag"
[    1.137670] 0x0000000e0000-0x0000007e0000 : "fail-safe"
[    1.138615] 0x0000007e0000-0x000000800000 : "update"
[    1.140040] Fixed MDIO Bus: probed
[    1.140065] Initializing USB Mass Storage driver...
[    1.140161] usbcore: registered new interface driver usb-storage
[    1.140174] USB Mass Storage support registered.
[    1.140183] i2c /dev entries driver
[    1.140706] Linux video capture interface: v2.00
[    1.172332] mxc_v4l2_output mxc_v4l2_output.0: V4L2 device registered as video16
[    1.172496] mxc_v4l2_output mxc_v4l2_output.0: V4L2 device registered as video17
[    1.173419] VPU initialized
[    1.173494] vpu_mempool_init: Configuring buffers for 3 instances
[    1.255965] ALSA device list:
[    1.255977]   No soundcards found.
[    1.257550] TCP cubic registered
[    1.257566] NET: Registered protocol family 17
[    1.257604] Registering the dns_resolver key type
[    1.257670] VFP support v0.3: implementor 41 architecture 3 part 30 variant 9 rev 4
[    1.257809] Bus freq driver module loaded
[    1.257819] Bus freq driver Enabled
[    1.257879] mxc_dvfs_core_probe
[    1.258032] DVFS driver module loaded
[    1.258455] registered taskstats version 1
[    1.266378] [000.00:00:01.237701336], com.jci.cpp.common, 1, init, 1, out, Trace.c, COMMON_Trace_start 417, Registered the driver
[    1.266586] [000.00:00:01.237913336], com.jci.cpp.common, 1, init, 1, out, Trace.c, platformDeviceProbe 347, Probing!
[    1.266622] [000.00:00:01.237951336], com.jci.cpp.common, 1, init, 1, out, Trace.c, platformDeviceProbe 370, Registered the device
[    1.266657] [000.00:00:01.237986003], com.jci.cpp.common, 1, init, 1, out, Trace.c, COMMON_Trace_start 423, Registered the device
[    1.266682] [000.00:00:01.238012003], com.jci.cpp.common, 1, init, 1, out, common.c, moduleInit 206, Started: 0
[    1.266838] [000.00:00:01.238165336], com.jci.cpp.common, 1, init, 1, out, Log.c, COMMON_Log_start 4155, Registered the driver
[    1.266998] [000.00:00:01.238326336], com.jci.cpp.common, 1, init, 1, out, Log.c, platformDeviceProbe 3338, Probing!
[    1.268619] [000.00:00:01.239941336], com.jci.cpp.common, 1, init, 1, out, Log.c, platformDeviceProbe 3381, Registered the device
[    1.268811] [000.00:00:01.240134670], com.jci.cpp.common, 1, init, 1, out, Log.c, platformDeviceProbe 3396, Created the worker
[    1.268840] [000.00:00:01.240168336], com.jci.cpp.common, 1, init, 1, out, Log.c, platformDeviceProbe 3403, The process was awoken: True (1)
[    1.268866] [000.00:00:01.240196336], com.jci.cpp.common, 1, init, 1, out, Log.c, platformDeviceProbe 3439, Probed!
[    1.268903] [000.00:00:01.240230336], com.jci.cpp.common, 1, init, 1, out, Log.c, COMMON_Log_start 4162, Registered the device
[    1.268935] [000.00:00:01.240263003], com.jci.cpp.common, 1, init, 1, out, common.c, moduleInit 206, Started: 1
[    1.276538] 
[    1.276542] Device Registered: lvds_cdrv
[    1.276555] Major number = 250, Minor number = 0
[    1.276796] input: LVDS TouchScreen as /devices/virtual/input/input0
[    1.277334] Running do_deferred_initcalls()
[    1.277513] IMX usb wakeup probe
[    1.277655] the wakeup pdata is 0xbfb83680
[    1.278049] squashfs: version 4.0 (2009/01/31) Phillip Lougher
[    1.278065] ehci_hcd: USB 2.0 'Enhanced' Host Controller (EHCI) Driver
[    1.278309] fsl-ehci fsl-ehci.0: Freescale On-Chip EHCI Host Controller
[    1.278349] fsl-ehci fsl-ehci.0: new USB bus registered, assigned bus number 1
[    1.296258] Number of times open() was called: 1
[    1.296274] MAJOR number = 250, MINOR number = 0
[    1.296285] Process id of the current process: 61
[    1.296295] ref=1
[    1.298828] fsl-ehci fsl-ehci.0: irq 75, io base 0x02184000
[    1.313820] [U] [        1.254262003] - xsg v4lcapture - starting up
[    1.313851] [U] [        1.284830669] - xsg v4lcapture - streaming on
[    1.318726] fsl-ehci fsl-ehci.0: USB 2.0 started, EHCI 1.00
[    1.319011] usb usb1: New USB device found, idVendor=1d6b, idProduct=0002
[    1.319028] usb usb1: New USB device strings: Mfr=3, Product=2, SerialNumber=1
[    1.319042] usb usb1: Product: Freescale On-Chip EHCI Host Controller
[    1.319054] usb usb1: Manufacturer: Linux 3.0.35 ehci_hcd
[    1.319066] usb usb1: SerialNumber: fsl-ehci.0
[    1.319766] hub 1-0:1.0: USB hub found
[    1.319802] hub 1-0:1.0: 1 port detected
[    1.320220] add wake up source irq 72
[    1.320286] fsl-ehci fsl-ehci.1: Freescale On-Chip EHCI Host Controller
[    1.320321] fsl-ehci fsl-ehci.1: new USB bus registered, assigned bus number 2
[    1.348733] fsl-ehci fsl-ehci.1: irq 72, io base 0x02184200
[    1.368701] fsl-ehci fsl-ehci.1: USB 2.0 started, EHCI 1.00
[    1.368834] usb usb2: New USB device found, idVendor=1d6b, idProduct=0002
[    1.368851] usb usb2: New USB device strings: Mfr=3, Product=2, SerialNumber=1
[    1.368864] usb usb2: Product: Freescale On-Chip EHCI Host Controller
[    1.368877] usb usb2: Manufacturer: Linux 3.0.35 ehci_hcd
[    1.368888] usb usb2: SerialNumber: fsl-ehci.1
[    1.369469] hub 2-0:1.0: USB hub found
[    1.369503] hub 2-0:1.0: 1 port detected
[    1.369912] Thermal calibration data is 0x5894e57d
[    1.369926] Thermal sensor with ratio = 183
[    1.388717] Anatop Thermal registered as thermal_zone0
[    1.388936] anatop_thermal_probe: default cooling device is cpufreq!
[    1.515435] caam caam.0: device ID = 0x0a16010000000000
[    1.515451] caam caam.0: job rings = 2, qi = 0
[    1.515845] caam caam.0: authenc-hmac-md5-cbc-aes-caam
[    1.515973] caam caam.0: authenc-hmac-sha1-cbc-aes-caam
[    1.516106] caam caam.0: authenc-hmac-sha224-cbc-aes-caam
[    1.516242] caam caam.0: authenc-hmac-sha256-cbc-aes-caam
[    1.516384] caam caam.0: authenc-hmac-md5-cbc-des3_ede-caam
[    1.516518] caam caam.0: authenc-hmac-sha1-cbc-des3_ede-caam
[    1.516649] caam caam.0: authenc-hmac-sha224-cbc-des3_ede-caam
[    1.516781] caam caam.0: authenc-hmac-sha256-cbc-des3_ede-caam
[    1.516910] caam caam.0: authenc-hmac-md5-cbc-des-caam
[    1.517051] caam caam.0: authenc-hmac-sha1-cbc-des-caam
[    1.517184] caam caam.0: authenc-hmac-sha224-cbc-des-caam
[    1.517315] caam caam.0: authenc-hmac-sha256-cbc-des-caam
[    1.517453] caam caam.0: cbc-aes-caam
[    1.517585] caam caam.0: cbc-3des-caam
[    1.517714] caam caam.0: cbc-des-caam
[    1.523147] platform caam_jr.0: registering rng-caam
[    1.525467] Datalight FlashFX Tera v2.1.1 Build 2128DF OS Services
[    1.525483] Linux kernel 2.6 Edition for arm -- Compiled Sep  6 2013 at 15:31:42
[    1.525494] Copyright (c) 1993-2012 Datalight, Inc.  All Rights Reserved Worldwide.
[    1.525506] All rights and obligations of GPL v2 apply.
[    1.526421] flashfx: module license 'Copyright (c) 1993-2012 Datalight, Inc.  All Rights Reserved Worldwide.' taints kernel.
[    1.526441] Disabling lock debugging due to kernel taint
[    1.535094] Datalight FlashFX Tera v2.1.1 Build 2128DF Block Device Driver
[    1.535109] Linux kernel 2.6 Edition for arm -- Compiled Sep  6 2013 at 15:31:39
[    1.535121] Copyright (c) 1993-2012 Datalight, Inc.  All Rights Reserved Worldwide.
[    1.535133] All rights and obligations of GPL v2 apply.
[    1.535357] Datalight FlashFX Tera v2.1.1 Build 2128DF
[    1.535364] Copyright (c) 1993-2012 Datalight, Inc.  All Rights Reserved Worldwide.
[    1.535371] Patents:  US#5860082, US#6260156.
[    1.535376] Linux kernel 2.6 Edition for arm -- Compiled Sep  6 2013 at 15:31:50
[    1.537008] ################################################
[    1.537023] ##                                            ##
[    1.537041] ##   FlashFX Tera SDK License ID: 1438932757  ##
[    1.537053] ##                                            ##
[    1.537064] ################################################
[    1.637550] Creating thread FTCMP00
[    1.638968]  ffx00: unknown partition table
[    2.502090] Creating thread FTCMP01
[    2.503511]  ffx01: p1 p2 p3 p4
[    2.506224] Datalight Reliance Nitro v2.7.1 Build 2175BA OS Services
[    2.506238] Linux Kernel Edition for arm -- Compiled Sep  6 2013 at 15:33:13
[    2.506249] Copyright (c) 2003-2013 Datalight, Inc.  All Rights Reserved Worldwide.
[    2.506261] All rights and obligations of GPL v2 apply.
[    2.529596] Datalight Reliance Nitro v2.7.1 Build 2175BA File System Driver
[    2.529612] Linux Kernel Edition for arm -- Compiled Sep  6 2013 at 15:32:11
[    2.529623] Copyright (c) 2003-2013 Datalight, Inc.  All Rights Reserved Worldwide.
[    2.529636] All rights and obligations of GPL v2 apply.
[    2.529664] Datalight Reliance Nitro v2.7.1 Build 2175BA
[    2.529678] Linux Kernel Edition for arm -- Compiled Sep  6 2013 at 15:32:19
[    2.529693] Copyright (c) 2003-2013 Datalight, Inc.  All Rights Reserved Worldwide.
[    2.529706] Patents:  US#7284101.
[    2.529710] 
[    2.529963] Datalight Reliance Nitro v2.7.1 Build 2175BA driver initialization completed successfully
[    2.530197] WARNING: A volume is defined as using Block Device "/dev/ffx01p1", but
[    2.530215]          no definition was found in relconf.h.  Using the default settings.
[    2.530322] block device supports flush.
[    2.541207] ###########################################
[    2.541224] ##                                       ##
[    2.541237] ##   Reliance SDK License ID 7114895F    ##
[    2.541249] ##                                       ##
[    2.541260] ###########################################
[    2.610873] DclOsBlockDev:Ioctl() Old BlkSize=4096 Count=   122352 SecBlk=0 BlkShift=12
[    2.610893]                       New BlkSize=4096 Count=   122352 SecBlk=0 BlkShift=12
[    2.610915] Creating thread RelTransactionTimed
[    2.611078] VOL0 mounted in 80 milliseconds
[    3.063230] warning: process `init' used the deprecated sysctl system call with 2.5.
[    3.063382] warning: process `init' used the deprecated sysctl system call with 2.16.
[    3.233631] usbcore: registered new interface driver dsrc_acm
[    3.233647] dsrc_acm: v0.26:USB Abstract Control Model driver for USB modems and ISDN adapters
[    3.339581] WARNING: A volume is defined as using Block Device "/dev/ffx01p4", but
[    3.339602]          no definition was found in relconf.h.  Using the default settings.
[    3.339707] block device supports flush.
[    3.577254] sdhci: Secure Digital Host Controller Interface driver
[    3.577271] sdhci: Copyright(c) Pierre Ossman
[    3.616575] DclOsBlockDev:Ioctl() Old BlkSize=4096 Count=    78624 SecBlk=0 BlkShift=12
[    3.616595]                       New BlkSize=4096 Count=    78624 SecBlk=0 BlkShift=12
[    3.616616] Creating thread RelTransactionTimed
[    3.628774] VOL1 mounted in 290 milliseconds
[    3.655491] mmc0: no vmmc regulator found
[    3.657610] Powering on wl12xx
[    3.657704] mmc0: SDHCI controller on platform [sdhci-esdhc-imx.1] using DMA
[    3.658826] mmc1: no vmmc regulator found
[    3.665841] mmc1: SDHCI controller on platform [sdhci-esdhc-imx.2] using DMA
[    3.703460] mmc0: card claims to support voltages below the defined range. These will be ignored.
[    3.753777] mmc0: queuing unknown CIS tuple 0x91 (3 bytes)
[    3.757030] mmc0: new high speed SDIO card at address 0001
[    3.757359] Powering off wl12xx
[    4.222787] mmc1: Inserting CMD4 for drive strength of $02000000
[    4.258257] mmc1: new high speed DDR MMC card at address 0001
[    4.259180] mmcblk0: mmc1:0001 MMC04G 3.66 GiB 
[    4.268838] mmcblk0boot0: mmc1:0001 MMC04G partition 1 1.00 MiB
[    4.269077] mmcblk0boot1: mmc1:0001 MMC04G partition 2 1.00 MiB
[    4.271244]  mmcblk0: p1 p2
[    4.272042] WARNING: A volume is defined as using Block Device "/dev/mmcblk0p2", but
[    4.272061]          no definition was found in relconf.h.  Using the default settings.
[    4.272283] block device supports flush.
[    4.273817]  mmcblk0boot1: unknown partition table
[    4.275946]  mmcblk0boot0: unknown partition table
[    4.307288] DclOsBlockDev:Ioctl() Old BlkSize= 512 Count=  1171952 SecBlk=0 BlkShift=9
[    4.307318]                       New BlkSize= 512 Count=  1171952 SecBlk=0 BlkShift=9
[    4.307344] Creating thread RelTransactionTimed
[    4.318214] VOL2 mounted in 40 milliseconds
[    5.388524] NET: Registered protocol family 10
>[    5.660478] udevd[130]: starting version 168
[    5.735225] AIC310x Audio Codec 0.0.6
[    5.747787] asoc: aic310x <-> imx-ssi.0 mapping ok
[    5.805988] asoc: wl1285q-bt <-> imx-ssi.1 mapping ok
[    5.890953] [U] splashplayer started
[    5.891156] [U] splashplayer vpu_Init
[    6.106757] input: Virtual Keyboard as /devices/virtual/input/input1
[    6.107776] input: Virtual Mouse as /devices/virtual/input/input2
[    6.109563] cmu_io_ioctl: Pid : 112, gpio:42
[    6.129664] misc usb_overcurrent: host1 over current SET
[    6.129693] misc usb_overcurrent: otg over current SET
[    6.159853] [U] splashplayer vpu_Init done
[    6.178691] misc usb_overcurrent: host1 over current CLEARED
[    6.178719] misc usb_overcurrent: otg over current CLEARED
[    6.223925] [U] splashplayer init Wayland+EGL
[    6.377848] Level: Warn, File: GpioChip.c, Func: vimAttributeStore, Line: 1664, Message: Failed to find a pin named: Reverse
[    6.378854] Level: Warn, File: GpioChip.c, Func: vimAttributeStore, Line: 1664, Message: Failed to find a pin named: Reverse
[    6.379881] Level: Warn, File: GpioChip.c, Func: vimAttributeStore, Line: 1664, Message: Failed to find a pin named: Reverse
[    6.381883] Level: Warn, File: GpioChip.c, Func: vimAttributeStore, Line: 1664, Message: Failed to find a pin named: Reverse
[    6.384849] Level: Warn, File: GpioChip.c, Func: vimAttributeStore, Line: 1664, Message: Failed to find a pin named: Reverse
[    6.386354] Level: Warn, File: GpioChip.c, Func: vimAttributeStore, Line: 1664, Message: Failed to find a pin named: Reverse
[    6.410271] [U] splashplayer init Wayland+EGL done
[    6.414606] [U] splashplayer show first frame
[    6.419293] [U] splashplayer show first frame done
[    6.437888] snvs_rtc snvs_rtc.0: rtc core: registered snvs_rtc as rtc0
[    6.636589] /proc/kmsg created
[    6.636608] kmsg-filter loaded with loglevel=6
[    7.259646] rfkill: Bluetooth RF turn on
[    7.261487] mx6_bt_rfkill driver successful loaded!
[    8.415116] kmsg_filtered_open
[    8.578874] aic310x: Setting hardware rate to 48000
[    8.578892] aic310x: Setting hardware format to 2
[   10.220723] input: filtered-keyboard-0x000000025F78761E as /devices/virtual/input/input3
[   10.223007] input: filtered-mouse-0x000000025F9D2758 as /devices/virtual/input/input4
[   10.225285] input: filtered-touchscreen-0x000000025FBFFD50 as /devices/virtual/input/input5
[   10.981871] Attention: Writing register 0x0E, this register will be used internally.
[   10.982777] Attention: Writing register 0x0E, this register will be used internally.
[   10.983249] Attention: Writing register 0x4D, this register will be used internally.
[   10.983694] Attention: Writing register 0x50, this register will be used internally.
[   10.984572] Attention: Writing register 0xE1, this register will be used internally.
[   10.985018] Attention: Writing register 0xE2, this register will be used internally.
[   10.985471] Attention: Writing register 0x02, this register will be used internally.
[   10.985918] Attention: Writing register 0xE3, this register will be used internally.
[   10.986370] Attention: Writing register 0xE4, this register will be used internally.
[   20.589880] [U] splashplayer started
[   20.590064] [U] splashplayer vpu_Init
[   20.591168] [U] splashplayer vpu_Init done
[   20.650520] [U] splashplayer init Wayland+EGL
[   20.723122] [U] splashplayer init Wayland+EGL done
[   20.728788] [U] splashplayer show first frame
[   20.736692] [U] splashplayer show first frame done
[   20.956905] WARNING: A volume is defined as using Block Device "/dev/mmcblk0p1", but
[   20.956938]          no definition was found in relconf.h.  Using the default settings.
[   20.979068] block device supports flush.
[   21.104812] DclOsBlockDev:Ioctl() Old BlkSize= 512 Count=  6512128 SecBlk=0 BlkShift=9
[   21.104832]                       New BlkSize= 512 Count=  6512128 SecBlk=0 BlkShift=9
[   21.104855] Creating thread RelTransactionTimed
[   21.108005] VOL3 mounted in 120 milliseconds
[   21.814431] [U] splashplayer started
[   21.814614] [U] splashplayer vpu_Init
[   21.817268] [U] splashplayer vpu_Init done
[   21.854411] usbcore: registered new interface driver usbhid
[   21.854436] usbhid: USB HID core driver
[   21.921963] [U] splashplayer init Wayland+EGL
[   22.025814] [U] splashplayer init Wayland+EGL done
[   22.030820] [U] splashplayer show first frame
[   22.040648] [U] splashplayer show first frame done
[   22.720638] usbcore: registered new interface driver snd-usb-audio
[   22.901376] i2css:400 reset 00 insmod
[   22.901401] i2css:227 start rev=04.00 bus=2 rstGpio=16 sesTO=13 
[   22.901407]  chipAddr=0x0010 devFile=i2css major=248
[   24.874475] rfkill: Bluetooth RF turn off
[   24.901859] rfkill: Bluetooth RF turn on
[   26.312294] ip_tables: (C) 2000-2006 Netfilter Core Team
[   26.541974] nf_conntrack version 0.5.0 (12066 buckets, 48264 max)
[   29.900748] Level: Warn, File: GpioChip.c, Func: vimAttributeStore, Line: 1664, Message: Failed to find a pin named: Reverse
[   30.555978] [U] splashplayer started
[   30.556174] [U] splashplayer vpu_Init
[   30.557340] [U] splashplayer vpu_Init done
[   30.560921] [U] splashplayer init Wayland+EGL
[   30.638175] [U] splashplayer init Wayland+EGL done
[   30.643816] [U] splashplayer show first frame
[   30.655550] [U] splashplayer show first frame done
[   31.028983] usb 2-1: new high speed USB device number 2 using fsl-ehci
[   31.179385] usb 2-1: New USB device found, idVendor=0424, idProduct=2640
[   31.179411] usb 2-1: New USB device strings: Mfr=0, Product=0, SerialNumber=0
[   31.179969] usb 2-1: Device is not authorized for usage
[   31.194088] hub 2-1:1.0: USB hub found
[   31.194456] hub 2-1:1.0: 3 ports detected
[   31.195591] usb 2-1: authorized to connect
[   31.469121] usb 2-1.3: new high speed USB device number 3 using fsl-ehci
[   31.580855] usb 2-1.3: New USB device found, idVendor=05e3, idProduct=0608
[   31.580878] usb 2-1.3: New USB device strings: Mfr=0, Product=1, SerialNumber=0
[   31.580893] usb 2-1.3: Product: USB2.0 Hub
[   31.581697] usb 2-1.3: Device is not authorized for usage
[   31.588585] usb 2-1.3: authorized to connect
[   31.645257] hub 2-1.3:1.0: USB hub found
[   31.645727] hub 2-1.3:1.0: 4 ports detected
[   32.049292] usb 2-1.2: new high speed USB device number 4 using fsl-ehci
[   32.159443] usb 2-1.2: New USB device found, idVendor=0781, idProduct=5571
[   32.159463] usb 2-1.2: New USB device strings: Mfr=1, Product=2, SerialNumber=3
[   32.159476] usb 2-1.2: Product: Cruzer Fit
[   32.159487] usb 2-1.2: Manufacturer: SanDisk'
[   32.159498] usb 2-1.2: SerialNumber: 4C530000060910103544
[   32.159940] usb 2-1.2: Device is not authorized for usage
[   32.167461] usb 2-1.2: authorized to connect
[   32.180784] hub 2-1.3:1.0: unable to enumerate USB device on port 3
[   32.228898] scsi0 : usb-storage 2-1.2:1.0
[   32.569379] usb 2-1.3.3: new high speed USB device number 6 using fsl-ehci
[   32.719629] usb 2-1.3.3: New USB device found, idVendor=0fce, idProduct=e134
[   32.719653] usb 2-1.3.3: New USB device strings: Mfr=3, Product=4, SerialNumber=5
[   32.719668] usb 2-1.3.3: Product: CCR-80
[   32.719679] usb 2-1.3.3: Manufacturer: SEMC
[   32.719690] usb 2-1.3.3: SerialNumber: 095007E90401F04
[   32.720253] usb 2-1.3.3: Device is not authorized for usage
[   32.756932] usb 2-1.3.3: authorized to connect
[   32.793957] scsi1 : usb-storage 2-1.3.3:1.0
[   33.230815] scsi 0:0:0:0: Direct-Access     SanDisk' Cruzer Fit       1.00 PQ: 0 ANSI: 6
[   33.236154] sd 0:0:0:0: [sda] 60088320 512-byte logical blocks: (30.7 GB/28.6 GiB)
[   33.237358] sd 0:0:0:0: [sda] Write Protect is off
[   33.237377] sd 0:0:0:0: [sda] Mode Sense: 43 00 00 00
[   33.238366] sd 0:0:0:0: [sda] Write cache: disabled, read cache: enabled, doesn't support DPO or FUA
[   33.270681]  sda:
[   33.275352] sd 0:0:0:0: [sda] Attached SCSI removable disk
[   33.798602] scsi 1:0:0:0: Direct-Access     SEMC     SD  CCR-80       9454 PQ: 0 ANSI: 0
[   33.983528] sd 1:0:0:0: [sdb] 15523840 512-byte logical blocks: (7.94 GB/7.40 GiB)
[   33.984753] sd 1:0:0:0: [sdb] Write Protect is off
[   33.984772] sd 1:0:0:0: [sdb] Mode Sense: 03 00 00 00
[   33.986116] sd 1:0:0:0: [sdb] No Caching mode page present
[   33.986135] sd 1:0:0:0: [sdb] Assuming drive cache: write through
[   33.991109] sd 1:0:0:0: [sdb] No Caching mode page present
[   33.991127] sd 1:0:0:0: [sdb] Assuming drive cache: write through
[   34.009678]  sdb: sdb1
[   34.016267] sd 1:0:0:0: [sdb] No Caching mode page present
[   34.016296] sd 1:0:0:0: [sdb] Assuming drive cache: write through
[   34.016318] sd 1:0:0:0: [sdb] Attached SCSI removable disk
[   37.209538] RELFS: invalid mount option "utf8"
[   44.650369] [sdhci_pre_dma_transfer] invalid cookie: data->host_cookie 203 host->next_data.cookie 204
[   50.614292] [sdhci_pre_dma_transfer] invalid cookie: data->host_cookie 374 host->next_data.cookie 375
[   59.965232] VFAT: not creating 8.3 short filenames for long names
[   90.222540] Adding 1048572k swap on /tmp/mnt/sda/swapfile.  Priority:-1 extents:40 across:1063900k 
[   91.778510] [sdhci_pre_dma_transfer] invalid cookie: data->host_cookie 724 host->next_data.cookie 725
[   91.813429] [sdhci_pre_dma_transfer] invalid cookie: data->host_cookie 727 host->next_data.cookie 728
[   91.883377] [sdhci_pre_dma_transfer] invalid cookie: data->host_cookie 734 host->next_data.cookie 735
[   92.390096] [sdhci_pre_dma_transfer] invalid cookie: data->host_cookie 832 host->next_data.cookie 833
[   92.418961] [sdhci_pre_dma_transfer] invalid cookie: data->host_cookie 851 host->next_data.cookie 852
[   92.436269] [sdhci_pre_dma_transfer] invalid cookie: data->host_cookie 857 host->next_data.cookie 858
[   92.550677] [sdhci_pre_dma_transfer] invalid cookie: data->host_cookie 868 host->next_data.cookie 869
[   92.668019] [sdhci_pre_dma_transfer] invalid cookie: data->host_cookie 929 host->next_data.cookie 930
[   92.699352] [sdhci_pre_dma_transfer] invalid cookie: data->host_cookie 949 host->next_data.cookie 950
[   92.830407] [sdhci_pre_dma_transfer] invalid cookie: data->host_cookie 965 host->next_data.cookie 966
[  121.712098] usbcore: registered new interface driver asix
[  122.416871] Compat-wireless backport release: ol_R5.SP4.01
[  122.416893] Backport based on wl12xx.git ol_R5.SP4.01-2-g1aa2c8e
[  122.459589] Calling CRDA to update world regulatory domain
[  122.614738] wl12xx: driver version: ol_R5.SP4.01-2-g1aa2c8e
[  122.614754] wl12xx: compilation time: Thu Jun  6 20:17:24 2013
[  122.627696] Powering on wl12xx
[  122.709140] Powering off wl12xx
[  122.709227] Powering on wl12xx
[  122.788303] add wake up source irq 105
[  123.109261] Powering off wl12xx
[  123.211339] cfg80211: wext will not work because kernel was compiled with CONFIG_WIRELESS_EXT=n. Tools using wext interface, like iwconfig will not work.
[  123.212703] wl12xx: loaded
[  123.223267] wl12xx: state: 0
[  123.246063] Powering on wl12xx
[  123.723701] wl12xx: firmware booted (Rev 7.3.10.10.136)
[  123.740448] ADDRCONF(NETDEV_UP): wlan0: link is not ready
[  161.713877] [sdhci_pre_dma_transfer] invalid cookie: data->host_cookie 1534 host->next_data.cookie 1535
END INFO LOG: 06/29/23 08:54:45
